// Jest Snapshot v1, https://goo.gl/fbAQLP

exports[`createDualTokenOrderBook 1`] = `
Array [
  Array [
    true,
    0.0006,
    22.1,
    "pair",
  ],
  Array [
    true,
    0.0001,
    22.8,
    "pair",
  ],
  Array [
    true,
    -0.0004,
    24.7,
    "pair",
  ],
]
`;

exports[`takeOneSideOrder 1`] = `
Array [
  Array [
    false,
    0.0012,
    20,
    "pair",
  ],
  Array [
    false,
    0.0011,
    10,
    "pair",
  ],
]
`;
